01:06:04 - tripo_addon - [task.py:21] - INFO - WebSocket server started on port 60600
01:06:04 - tripo_addon - [ws_server.py:66] - ERROR - Error in event loop: [Errno 48] error while attempting to bind on address ('127.0.0.1', 60600): [errno 48] address already in use
01:06:04 - tripo_addon - [ws_server.py:77] - INFO - Event loop closed
00:00.355  blend            | Read blend: "/Users/mauvsantos/Workspace/games/Bentosaur/.tmp/subagents/checkpoint30_manual_retopo/work/20_source_mouth_region_extraction.blend"
[Tripo3D] Log file: /var/folders/_t/rns21y0n589f0w_cmkj3ycmh0000gn/T/tripo3d_blender_bridge.log
{
  "body": "S40_R003_PRODUCTION_BODY_LOCKED",
  "vertices": 10050,
  "faces": 10048,
  "candidates": [
    {
      "spec": {
        "half_width": 0.115,
        "z_min": 0.375,
        "z_max": 0.555,
        "front_y_max": -0.3
      },
      "selected_faces": 224,
      "components": [
        224
      ],
      "primary_faces": 224,
      "boundary_cycles": [
        {
          "vertices": 72,
          "closed": true,
          "degree_all_two": null,
          "x_range": [
            -0.11965488642454147,
            0.1196548268198967
          ],
          "y_range": [
            -0.4249397814273834,
            -0.29343709349632263
          ],
          "z_range": [
            0.43030840158462524,
            0.560001015663147
          ],
          "indices": [
            102,
            103,
            104,
            1672,
            1949,
            1950,
            1656,
            2027,
            343,
            1657,
            881,
            1396,
            1359,
            1529,
            1358,
            6032,
            5884,
            5885,
            5883,
            6045,
            6038,
            6039,
            7487,
            6552,
            6551,
            7496,
            5920,
            5919,
            7656,
            8172,
            8173,
            9720,
            8790,
            8791,
            9711,
            8290,
            8289,
            8296,
            8136,
            8138,
            8137,
            8283,
            3549,
            3713,
            3550,
            3584,
            3084,
            3838,
            2562,
            4196,
            3837,
            4121,
            4120,
            3853,
            2324,
            2323,
            2322,
            3844,
            2634,
            3136,
            4068,
            4020,
            4018,
            4306,
            2034,
            2152,
            1841,
            1843,
            1893,
            933,
            418,
            1663,
            102
          ]
        }
      ]
    },
    {
      "spec": {
        "half_width": 0.115,
        "z_min": 0.375,
        "z_max": 0.555,
        "front_y_max": -0.26
      },
      "selected_faces": 278,
      "components": [
        278
      ],
      "primary_faces": 278,
      "boundary_cycles": [
        {
          "vertices": 78,
          "closed": true,
          "degree_all_two": null,
          "x_range": [
            -0.11965488642454147,
            0.1196548268198967
          ],
          "y_range": [
            -0.4249397814273834,
            -0.2518746256828308
          ],
          "z_range": [
            0.4270686209201813,
            0.560001015663147
          ],
          "indices": [
            102,
            103,
            104,
            1672,
            1949,
            1950,
            1656,
            2027,
            343,
            1657,
            881,
            1396,
            1359,
            1529,
            1358,
            6032,
            5884,
            5885,
            6046,
            7762,
            6861,
            6901,
            6862,
            7380,
            6013,
            5851,
            5849,
            6526,
            5720,
            6954,
            7083,
            7082,
            9310,
            9190,
            7973,
            8765,
            8102,
            8104,
            8264,
            9605,
            9098,
            9137,
            9097,
            9974,
            8297,
            8138,
            8137,
            8283,
            3549,
            3713,
            3550,
            3584,
            3084,
            3838,
            2562,
            4196,
            3837,
            4121,
            4120,
            3853,
            2324,
            2323,
            2322,
            3844,
            2634,
            3136,
            4068,
            4020,
            4018,
            4306,
            2034,
            2152,
            1841,
            1843,
            1893,
            933,
            418,
            1663,
            102
          ]
        }
      ]
    },
    {
      "spec": {
        "half_width": 0.115,
        "z_min": 0.375,
        "z_max": 0.555,
        "front_y_max": -0.22
      },
      "selected_faces": 398,
      "components": [
        398
      ],
      "primary_faces": 398,
      "boundary_cycles": [
        {
          "vertices": 114,
          "closed": true,
          "degree_all_two": null,
          "x_range": [
            -0.12253090739250183,
            0.12253086268901825
          ],
          "y_range": [
            -0.4249397814273834,
            -0.2146860510110855
          ],
          "z_range": [
            0.3705064654350281,
            0.560001015663147
          ],
          "indices": [
            102,
            103,
            104,
            1672,
            1949,
            1950,
            1656,
            2027,
            343,
            1657,
            881,
            1396,
            1359,
            1529,
            1358,
            6032,
            5884,
            5885,
            6046,
            7762,
            6861,
            6901,
            6903,
            7631,
            7334,
            6564,
            5728,
            5727,
            7752,
            5873,
            7639,
            6741,
            6739,
            7089,
            7088,
            6648,
            6647,
            5975,
            7020,
            6641,
            6051,
            6642,
            6640,
            7837,
            7758,
            5674,
            5651,
            6680,
            7160,
            7343,
            9387,
            8916,
            7904,
            7927,
            9971,
            10039,
            8877,
            8879,
            8302,
            8878,
            9254,
            8226,
            8884,
            8885,
            9315,
            9316,
            8974,
            8976,
            9856,
            8126,
            9965,
            7980,
            7981,
            8803,
            9561,
            9849,
            9139,
            9137,
            9097,
            9974,
            8297,
            8138,
            8137,
            8283,
            3549,
            3713,
            3550,
            3584,
            3084,
            3838,
            2562,
            4196,
            3837,
            4121,
            4120,
            3853,
            2324,
            2323,
            2322,
            3844,
            2634,
            3136,
            4068,
            4020,
            4018,
            4306,
            2034,
            2152,
            1841,
            1843,
            1893,
            933,
            418,
            1663,
            102
          ]
        }
      ]
    },
    {
      "spec": {
        "half_width": 0.115,
        "z_min": 0.375,
        "z_max": 0.555,
        "front_y_max": -0.18
      },
      "selected_faces": 450,
      "components": [
        450
      ],
      "primary_faces": 450,
      "boundary_cycles": [
        {
          "vertices": 106,
          "closed": true,
          "degree_all_two": null,
          "x_range": [
            -0.12253090739250183,
            0.12253086268901825
          ],
          "y_range": [
            -0.4249397814273834,
            -0.17834462225437164
          ],
          "z_range": [
            0.3705064654350281,
            0.560001015663147
          ],
          "indices": [
            102,
            103,
            104,
            1672,
            1949,
            1950,
            1656,
            2027,
            343,
            1657,
            881,
            1396,
            1359,
            1529,
            1358,
            6032,
            5884,
            5885,
            6046,
            7762,
            6861,
            6901,
            6903,
            7631,
            7334,
            6564,
            6562,
            6563,
            7031,
            6840,
            5982,
            5983,
            5984,
            5655,
            5657,
            6050,
            6619,
            6642,
            6640,
            7837,
            7758,
            5674,
            5651,
            6680,
            7160,
            7343,
            9387,
            8916,
            7904,
            7927,
            9971,
            10039,
            8877,
            8879,
            8858,
            8301,
            7910,
            7908,
            8235,
            8234,
            8233,
            9076,
            9263,
            8802,
            8801,
            8803,
            9561,
            9849,
            9139,
            9137,
            9097,
            9974,
            8297,
            8138,
            8137,
            8283,
            3549,
            3713,
            3550,
            3584,
            3084,
            3838,
            2562,
            4196,
            3837,
            4121,
            4120,
            3853,
            2324,
            2323,
            2322,
            3844,
            2634,
            3136,
            4068,
            4020,
            4018,
            4306,
            2034,
            2152,
            1841,
            1843,
            1893,
            933,
            418,
            1663,
            102
          ]
        }
      ]
    },
    {
      "spec": {
        "half_width": 0.115,
        "z_min": 0.385,
        "z_max": 0.555,
        "front_y_max": -0.3
      },
      "selected_faces": 224,
      "components": [
        224
      ],
      "primary_faces": 224,
      "boundary_cycles": [
        {
          "vertices": 72,
          "closed": true,
          "degree_all_two": null,
          "x_range": [
            -0.11965488642454147,
            0.1196548268198967
          ],
          "y_range": [
            -0.4249397814273834,
            -0.29343709349632263
          ],
          "z_range": [
            0.43030840158462524,
            0.560001015663147
          ],
          "indices": [
            102,
            103,
            104,
            1672,
            1949,
            1950,
            1656,
            2027,
            343,
            1657,
            881,
            1396,
            1359,
            1529,
            1358,
            6032,
            5884,
            5885,
            5883,
            6045,
            6038,
            6039,
            7487,
            6552,
            6551,
            7496,
            5920,
            5919,
            7656,
            8172,
            8173,
            9720,
            8790,
            8791,
            9711,
            8290,
            8289,
            8296,
            8136,
            8138,
            8137,
            8283,
            3549,
            3713,
            3550,
            3584,
            3084,
            3838,
            2562,
            4196,
            3837,
            4121,
            4120,
            3853,
            2324,
            2323,
            2322,
            3844,
            2634,
            3136,
            4068,
            4020,
            4018,
            4306,
            2034,
            2152,
            1841,
            1843,
            1893,
            933,
            418,
            1663,
            102
          ]
        }
      ]
    },
    {
      "spec": {
        "half_width": 0.115,
        "z_min": 0.385,
        "z_max": 0.555,
        "front_y_max": -0.26
      },
      "selected_faces": 278,
      "components": [
        278
      ],
      "primary_faces": 278,
      "boundary_cycles": [
        {
          "vertices": 78,
          "closed": true,
          "degree_all_two": null,
          "x_range": [
            -0.11965488642454147,
            0.1196548268198967
          ],
          "y_range": [
            -0.4249397814273834,
            -0.2518746256828308
          ],
          "z_range": [
            0.4270686209201813,
            0.560001015663147
          ],
          "indices": [
            102,
            103,
            104,
            1672,
            1949,
            1950,
            1656,
            2027,
            343,
            1657,
            881,
            1396,
            1359,
            1529,
            1358,
            6032,
            5884,
            5885,
            6046,
            7762,
            6861,
            6901,
            6862,
            7380,
            6013,
            5851,
            5849,
            6526,
            5720,
            6954,
            7083,
            7082,
            9310,
            9190,
            7973,
            8765,
            8102,
            8104,
            8264,
            9605,
            9098,
            9137,
            9097,
            9974,
            8297,
            8138,
            8137,
            8283,
            3549,
            3713,
            3550,
            3584,
            3084,
            3838,
            2562,
            4196,
            3837,
            4121,
            4120,
            3853,
            2324,
            2323,
            2322,
            3844,
            2634,
            3136,
            4068,
            4020,
            4018,
            4306,
            2034,
            2152,
            1841,
            1843,
            1893,
            933,
            418,
            1663,
            102
          ]
        }
      ]
    },
    {
      "spec": {
        "half_width": 0.115,
        "z_min": 0.385,
        "z_max": 0.555,
        "front_y_max": -0.22
      },
      "selected_faces": 382,
      "components": [
        382
      ],
      "primary_faces": 382,
      "boundary_cycles": [
        {
          "vertices": 108,
          "closed": true,
          "degree_all_two": null,
          "x_range": [
            -0.12253090739250183,
            0.12253086268901825
          ],
          "y_range": [
            -0.4249397814273834,
            -0.2146860510110855
          ],
          "z_range": [
            0.3823545277118683,
            0.560001015663147
          ],
          "indices": [
            102,
            103,
            104,
            1672,
            1949,
            1950,
            1656,
            2027,
            343,
            1657,
            881,
            1396,
            1359,
            1529,
            1358,
            6032,
            5884,
            5885,
            6046,
            7762,
            6861,
            6901,
            6903,
            7631,
            7334,
            6564,
            5728,
            5727,
            7752,
            5873,
            7639,
            6741,
            6739,
            7089,
            7088,
            6648,
            6647,
            5975,
            7020,
            6641,
            7021,
            5673,
            5650,
            5649,
            7345,
            7342,
            7341,
            9568,
            9570,
            7902,
            7903,
            7926,
            9255,
            8878,
            9254,
            8226,
            8884,
            8885,
            9315,
            9316,
            8974,
            8976,
            9856,
            8126,
            9965,
            7980,
            7981,
            8803,
            9561,
            9849,
            9139,
            9137,
            9097,
            9974,
            8297,
            8138,
            8137,
            8283,
            3549,
            3713,
            3550,
            3584,
            3084,
            3838,
            2562,
            4196,
            3837,
            4121,
            4120,
            3853,
            2324,
            2323,
            2322,
            3844,
            2634,
            3136,
            4068,
            4020,
            4018,
            4306,
            2034,
            2152,
            1841,
            1843,
            1893,
            933,
            418,
            1663,
            102
          ]
        }
      ]
    },
    {
      "spec": {
        "half_width": 0.115,
        "z_min": 0.385,
        "z_max": 0.555,
        "front_y_max": -0.18
      },
      "selected_faces": 432,
      "components": [
        432
      ],
      "primary_faces": 432,
      "boundary_cycles": [
        {
          "vertices": 104,
          "closed": true,
          "degree_all_two": null,
          "x_range": [
            -0.12253090739250183,
            0.12253086268901825
          ],
          "y_range": [
            -0.4249397814273834,
            -0.17834462225437164
          ],
          "z_range": [
            0.3823545277118683,
            0.560001015663147
          ],
          "indices": [
            102,
            103,
            104,
            1672,
            1949,
            1950,
            1656,
            2027,
            343,
            1657,
            881,
            1396,
            1359,
            1529,
            1358,
            6032,
            5884,
            5885,
            6046,
            7762,
            6861,
            6901,
            6903,
            7631,
            7334,
            6564,
            6562,
            6563,
            7031,
            6840,
            5982,
            5983,
            5984,
            5655,
            5657,
            6050,
            6051,
            6641,
            7021,
            5673,
            5650,
            5649,
            7345,
            7342,
            7341,
            9568,
            9570,
            7902,
            7903,
            7926,
            9255,
            8878,
            8302,
            8301,
            7910,
            7908,
            8235,
            8234,
            8233,
            9076,
            9263,
            8802,
            8801,
            8803,
            9561,
            9849,
            9139,
            9137,
            9097,
            9974,
            8297,
            8138,
            8137,
            8283,
            3549,
            3713,
            3550,
            3584,
            3084,
            3838,
            2562,
            4196,
            3837,
            4121,
            4120,
            3853,
            2324,
            2323,
            2322,
            3844,
            2634,
            3136,
            4068,
            4020,
            4018,
            4306,
            2034,
            2152,
            1841,
            1843,
            1893,
            933,
            418,
            1663,
            102
          ]
        }
      ]
    },
    {
      "spec": {
        "half_width": 0.115,
        "z_min": 0.395,
        "z_max": 0.565,
        "front_y_max": -0.3
      },
      "selected_faces": 248,
      "components": [
        248
      ],
      "primary_faces": 248,
      "boundary_cycles": [
        {
          "vertices": 78,
          "closed": true,
          "degree_all_two": null,
          "x_range": [
            -0.11965488642454147,
            0.1196548268198967
          ],
          "y_range": [
            -0.4304730296134949,
            -0.2913241684436798
          ],
          "z_range": [
            0.43030840158462524,
            0.5739710330963135
          ],
          "indices": [
            103,
            1664,
            1663,
            1677,
            417,
            416,
            934,
            1842,
            882,
            656,
            2033,
            2867,
            3085,
            4019,
            3137,
            2632,
            2633,
            3858,
            3844,
            3845,
            2323,
            3854,
            3853,
            4042,
            4121,
            4212,
            2586,
            2560,
            4196,
            2562,
            3838,
            3084,
            3584,
            3550,
            3713,
            3549,
            8283,
            8137,
            8138,
            8136,
            8296,
            8289,
            8290,
            9711,
            8791,
            8790,
            9720,
            8173,
            8172,
            7656,
            5919,
            5920,
            7496,
            6551,
            6552,
            7487,
            6039,
            6038,
            6045,
            5883,
            5885,
            5884,
            6032,
            1358,
            1529,
            1359,
            1396,
            881,
            1657,
            343,
            2027,
            341,
            368,
            2049,
            1950,
            1866,
            1672,
            1673,
            103
          ]
        }
      ]
    },
    {
      "spec": {
        "half_width": 0.115,
        "z_min": 0.395,
        "z_max": 0.565,
        "front_y_max": -0.26
      },
      "selected_faces": 302,
      "components": [
        302
      ],
      "primary_faces": 302,
      "boundary_cycles": [
        {
          "vertices": 84,
          "closed": true,
          "degree_all_two": null,
          "x_range": [
            -0.11965488642454147,
            0.1196548268198967
          ],
          "y_range": [
            -0.4304730296134949,
            -0.2518746256828308
          ],
          "z_range": [
            0.4270686209201813,
            0.5739710330963135
          ],
          "indices": [
            103,
            1664,
            1663,
            1677,
            417,
            416,
            934,
            1842,
            882,
            656,
            2033,
            2867,
            3085,
            4019,
            3137,
            2632,
            2633,
            3858,
            3844,
            3845,
            2323,
            3854,
            3853,
            4042,
            4121,
            4212,
            2586,
            2560,
            4196,
            2562,
            3838,
            3084,
            3584,
            3550,
            3713,
            3549,
            8283,
            8137,
            8138,
            8297,
            9974,
            9097,
            9137,
            9098,
            9605,
            8264,
            8104,
            8102,
            8765,
            7973,
            9190,
            9310,
            7082,
            7083,
            6954,
            5720,
            6526,
            5849,
            5851,
            6013,
            7380,
            6862,
            6901,
            6861,
            7762,
            6046,
            5885,
            5884,
            6032,
            1358,
            1529,
            1359,
            1396,
            881,
            1657,
            343,
            2027,
            341,
            368,
            2049,
            1950,
            1866,
            1672,
            1673,
            103
          ]
        }
      ]
    },
    {
      "spec": {
        "half_width": 0.115,
        "z_min": 0.395,
        "z_max": 0.565,
        "front_y_max": -0.22
      },
      "selected_faces": 392,
      "components": [
        392
      ],
      "primary_faces": 392,
      "boundary_cycles": [
        {
          "vertices": 112,
          "closed": true,
          "degree_all_two": null,
          "x_range": [
            -0.12253090739250183,
            0.12253086268901825
          ],
          "y_range": [
            -0.4304730296134949,
            -0.2146860510110855
          ],
          "z_range": [
            0.39403989911079407,
            0.5739710330963135
          ],
          "indices": [
            103,
            1664,
            1663,
            1677,
            417,
            416,
            934,
            1842,
            882,
            656,
            2033,
            2867,
            3085,
            4019,
            3137,
            2632,
            2633,
            3858,
            3844,
            3845,
            2323,
            3854,
            3853,
            4042,
            4121,
            4212,
            2586,
            2560,
            4196,
            2562,
            3838,
            3084,
            3584,
            3550,
            3713,
            3549,
            8283,
            8137,
            8138,
            8297,
            9974,
            9097,
            9137,
            9139,
            9849,
            9561,
            8803,
            7981,
            7980,
            9965,
            8126,
            9856,
            8976,
            8974,
            9316,
            9315,
            8885,
            8884,
            8226,
            9254,
            9253,
            10003,
            9456,
            9457,
            8036,
            8225,
            7730,
            5974,
            5783,
            7230,
            7229,
            7794,
            7019,
            7020,
            5975,
            6647,
            6648,
            7088,
            7089,
            6739,
            6741,
            7639,
            5873,
            7752,
            5727,
            5728,
            6564,
            7334,
            7631,
            6903,
            6901,
            6861,
            7762,
            6046,
            5885,
            5884,
            6032,
            1358,
            1529,
            1359,
            1396,
            881,
            1657,
            343,
            2027,
            341,
            368,
            2049,
            1950,
            1866,
            1672,
            1673,
            103
          ]
        }
      ]
    },
    {
      "spec": {
        "half_width": 0.115,
        "z_min": 0.395,
        "z_max": 0.565,
        "front_y_max": -0.18
      },
      "selected_faces": 438,
      "components": [
        438
      ],
      "primary_faces": 438,
      "boundary_cycles": [
        {
          "vertices": 108,
          "closed": true,
          "degree_all_two": null,
          "x_range": [
            -0.12253090739250183,
            0.12253086268901825
          ],
          "y_range": [
            -0.4304730296134949,
            -0.17834462225437164
          ],
          "z_range": [
            0.39403989911079407,
            0.5739710330963135
          ],
          "indices": [
            103,
            1664,
            1663,
            1677,
            417,
            416,
            934,
            1842,
            882,
            656,
            2033,
            2867,
            3085,
            4019,
            3137,
            2632,
            2633,
            3858,
            3844,
            3845,
            2323,
            3854,
            3853,
            4042,
            4121,
            4212,
            2586,
            2560,
            4196,
            2562,
            3838,
            3084,
            3584,
            3550,
            3713,
            3549,
            8283,
            8137,
            8138,
            8297,
            9974,
            9097,
            9137,
            9139,
            9849,
            9561,
            8803,
            8801,
            8802,
            9263,
            9076,
            8233,
            8234,
            8235,
            7908,
            7910,
            9508,
            9254,
            9253,
            10003,
            9456,
            9457,
            8036,
            8225,
            7730,
            5974,
            5783,
            7230,
            7229,
            7794,
            7019,
            7020,
            7281,
            5657,
            5655,
            5984,
            5983,
            5982,
            6840,
            7031,
            6563,
            6562,
            6564,
            7334,
            7631,
            6903,
            6901,
            6861,
            7762,
            6046,
            5885,
            5884,
            6032,
            1358,
            1529,
            1359,
            1396,
            881,
            1657,
            343,
            2027,
            341,
            368,
            2049,
            1950,
            1866,
            1672,
            1673,
            103
          ]
        }
      ]
    },
    {
      "spec": {
        "half_width": 0.125,
        "z_min": 0.375,
        "z_max": 0.555,
        "front_y_max": -0.3
      },
      "selected_faces": 236,
      "components": [
        236
      ],
      "primary_faces": 236,
      "boundary_cycles": [
        {
          "vertices": 72,
          "closed": true,
          "degree_all_two": null,
          "x_range": [
            -0.13049134612083435,
            0.13049128651618958
          ],
          "y_range": [
            -0.4249397814273834,
            -0.2921716272830963
          ],
          "z_range": [
            0.43030840158462524,
            0.560001015663147
          ],
          "indices": [
            102,
            103,
            104,
            1672,
            1949,
            1950,
            1656,
            2027,
            343,
            879,
            881,
            880,
            1359,
            1325,
            1324,
            6033,
            6599,
            5885,
            5883,
            6045,
            6038,
            6039,
            7487,
            6552,
            6551,
            7496,
            5920,
            5919,
            7656,
            8172,
            8173,
            9720,
            8790,
            8791,
            9711,
            8290,
            8289,
            8296,
            8136,
            8138,
            8838,
            8284,
            3515,
            3516,
            3550,
            3083,
            3084,
            3082,
            2562,
            4196,
            3837,
            4121,
            4120,
            3853,
            2324,
            2323,
            2322,
            3844,
            2634,
            3136,
            4068,
            4020,
            4018,
            4306,
            2034,
            2152,
            1841,
            1843,
            1893,
            933,
            418,
            1663,
            102
          ]
        }
      ]
    },
    {
      "spec": {
        "half_width": 0.125,
        "z_min": 0.375,
        "z_max": 0.555,
        "front_y_max": -0.26
      },
      "selected_faces": 296,
      "components": [
        296
      ],
      "primary_faces": 296,
      "boundary_cycles": [
        {
          "vertices": 78,
          "closed": true,
          "degree_all_two": null,
          "x_range": [
            -0.13049134612083435,
            0.13049128651618958
          ],
          "y_range": [
            -0.4249397814273834,
            -0.2518746256828308
          ],
          "z_range": [
            0.4270686209201813,
            0.560001015663147
          ],
          "indices": [
            102,
            103,
            104,
            1672,
            1949,
            1950,
            1656,
            2027,
            343,
            879,
            881,
            880,
            1359,
            1325,
            1324,
            6033,
            6599,
            6047,
            6049,
            6902,
            6861,
            6901,
            6862,
            7380,
            6013,
            5851,
            5849,
            6526,
            5720,
            6954,
            7083,
            7082,
            9310,
            9190,
            7973,
            8765,
            8102,
            8104,
            8264,
            9605,
            9098,
            9137,
            9097,
            9138,
            8300,
            8298,
            8838,
            8284,
            3515,
            3516,
            3550,
            3083,
            3084,
            3082,
            2562,
            4196,
            3837,
            4121,
            4120,
            3853,
            2324,
            2323,
            2322,
            3844,
            2634,
            3136,
            4068,
            4020,
            4018,
            4306,
            2034,
            2152,
            1841,
            1843,
            1893,
            933,
            418,
            1663,
            102
          ]
        }
      ]
    },
    {
      "spec": {
        "half_width": 0.125,
        "z_min": 0.375,
        "z_max": 0.555,
        "front_y_max": -0.22
      },
      "selected_faces": 420,
      "components": [
        420
      ],
      "primary_faces": 420,
      "boundary_cycles": [
        {
          "vertices": 114,
          "closed": true,
          "degree_all_two": null,
          "x_range": [
            -0.13049134612083435,
            0.13049128651618958
          ],
          "y_range": [
            -0.4249397814273834,
            -0.2146860510110855
          ],
          "z_range": [
            0.3705064654350281,
            0.560001015663147
          ],
          "indices": [
            102,
            103,
            104,
            1672,
            1949,
            1950,
            1656,
            2027,
            343,
            879,
            881,
            880,
            1359,
            1325,
            1324,
            6033,
            6599,
            6047,
            6049,
            6902,
            6903,
            7631,
            7791,
            7459,
            7334,
            6564,
            5728,
            5727,
            7752,
            5873,
            7639,
            6741,
            6739,
            7089,
            7088,
            6648,
            6647,
            5975,
            7020,
            6641,
            6051,
            6642,
            6640,
            7837,
            7758,
            5674,
            5651,
            6680,
            7160,
            7343,
            9387,
            8916,
            7904,
            7927,
            9971,
            10039,
            8877,
            8879,
            8302,
            8878,
            9254,
            8226,
            8884,
            8885,
            9315,
            9316,
            8974,
            8976,
            9856,
            8126,
            9965,
            7980,
            7981,
            8803,
            9561,
            9684,
            10000,
            9849,
            9139,
            9138,
            8300,
            8298,
            8838,
            8284,
            3515,
            3516,
            3550,
            3083,
            3084,
            3082,
            2562,
            4196,
            3837,
            4121,
            4120,
            3853,
            2324,
            2323,
            2322,
            3844,
            2634,
            3136,
            4068,
            4020,
            4018,
            4306,
            2034,
            2152,
            1841,
            1843,
            1893,
            933,
            418,
            1663,
            102
          ]
        }
      ]
    },
    {
      "spec": {
        "half_width": 0.125,
        "z_min": 0.375,
        "z_max": 0.555,
        "front_y_max": -0.18
      },
      "selected_faces": 484,
      "components": [
        484
      ],
      "primary_faces": 484,
      "boundary_cycles": [
        {
          "vertices": 102,
          "closed": true,
          "degree_all_two": null,
          "x_range": [
            -0.13049134612083435,
            0.13049128651618958
          ],
          "y_range": [
            -0.4249397814273834,
            -0.17834462225437164
          ],
          "z_range": [
            0.3705064654350281,
            0.560001015663147
          ],
          "indices": [
            102,
            103,
            104,
            1672,
            1949,
            1950,
            1656,
            2027,
            343,
            879,
            881,
            880,
            1359,
            1325,
            1324,
            6033,
            6599,
            6047,
            6049,
            6902,
            6903,
            7631,
            7791,
            7459,
            6562,
            7461,
            7031,
            6840,
            5982,
            6607,
            5902,
            5655,
            5656,
            5964,
            6619,
            6642,
            6640,
            7837,
            7758,
            5674,
            5651,
            6680,
            7160,
            7343,
            9387,
            8916,
            7904,
            7927,
            9971,
            10039,
            8877,
            8879,
            8858,
            8217,
            7909,
            7908,
            8155,
            8846,
            8233,
            9076,
            9263,
            9686,
            8801,
            9684,
            10000,
            9849,
            9139,
            9138,
            8300,
            8298,
            8838,
            8284,
            3515,
            3516,
            3550,
            3083,
            3084,
            3082,
            2562,
            4196,
            3837,
            4121,
            4120,
            3853,
            2324,
            2323,
            2322,
            3844,
            2634,
            3136,
            4068,
            4020,
            4018,
            4306,
            2034,
            2152,
            1841,
            1843,
            1893,
            933,
            418,
            1663,
            102
          ]
        }
      ]
    },
    {
      "spec": {
        "half_width": 0.125,
        "z_min": 0.385,
        "z_max": 0.555,
        "front_y_max": -0.3
      },
      "selected_faces": 236,
      "components": [
        236
      ],
      "primary_faces": 236,
      "boundary_cycles": [
        {
          "vertices": 72,
          "closed": true,
          "degree_all_two": null,
          "x_range": [
            -0.13049134612083435,
            0.13049128651618958
          ],
          "y_range": [
            -0.4249397814273834,
            -0.2921716272830963
          ],
          "z_range": [
            0.43030840158462524,
            0.560001015663147
          ],
          "indices": [
            102,
            103,
            104,
            1672,
            1949,
            1950,
            1656,
            2027,
            343,
            879,
            881,
            880,
            1359,
            1325,
            1324,
            6033,
            6599,
            5885,
            5883,
            6045,
            6038,
            6039,
            7487,
            6552,
            6551,
            7496,
            5920,
            5919,
            7656,
            8172,
            8173,
            9720,
            8790,
            8791,
            9711,
            8290,
            8289,
            8296,
            8136,
            8138,
            8838,
            8284,
            3515,
            3516,
            3550,
            3083,
            3084,
            3082,
            2562,
            4196,
            3837,
            4121,
            4120,
            3853,
            2324,
            2323,
            2322,
            3844,
            2634,
            3136,
            4068,
            4020,
            4018,
            4306,
            2034,
            2152,
            1841,
            1843,
            1893,
            933,
            418,
            1663,
            102
          ]
        }
      ]
    },
    {
      "spec": {
        "half_width": 0.125,
        "z_min": 0.385,
        "z_max": 0.555,
        "front_y_max": -0.26
      },
      "selected_faces": 296,
      "components": [
        296
      ],
      "primary_faces": 296,
      "boundary_cycles": [
        {
          "vertices": 78,
          "closed": true,
          "degree_all_two": null,
          "x_range": [
            -0.13049134612083435,
            0.13049128651618958
          ],
          "y_range": [
            -0.4249397814273834,
            -0.2518746256828308
          ],
          "z_range": [
            0.4270686209201813,
            0.560001015663147
          ],
          "indices": [
            102,
            103,
            104,
            1672,
            1949,
            1950,
            1656,
            2027,
            343,
            879,
            881,
            880,
            1359,
            1325,
            1324,
            6033,
            6599,
            6047,
            6049,
            6902,
            6861,
            6901,
            6862,
            7380,
            6013,
            5851,
            5849,
            6526,
            5720,
            6954,
            7083,
            7082,
            9310,
            9190,
            7973,
            8765,
            8102,
            8104,
            8264,
            9605,
            9098,
            9137,
            9097,
            9138,
            8300,
            8298,
            8838,
            8284,
            3515,
            3516,
            3550,
            3083,
            3084,
            3082,
            2562,
            4196,
            3837,
            4121,
            4120,
            3853,
            2324,
            2323,
            2322,
            3844,
            2634,
            3136,
            4068,
            4020,
            4018,
            4306,
            2034,
            2152,
            1841,
            1843,
            1893,
            933,
            418,
            1663,
            102
          ]
        }
      ]
    },
    {
      "spec": {
        "half_width": 0.125,
        "z_min": 0.385,
        "z_max": 0.555,
        "front_y_max": -0.22
      },
      "selected_faces": 404,
      "components": [
        404
      ],
      "primary_faces": 404,
      "boundary_cycles": [
        {
          "vertices": 108,
          "closed": true,
          "degree_all_two": null,
          "x_range": [
            -0.13049134612083435,
            0.13049128651618958
          ],
          "y_range": [
            -0.4249397814273834,
            -0.2146860510110855
          ],
          "z_range": [
            0.3823545277118683,
            0.560001015663147
          ],
          "indices": [
            102,
            103,
            104,
            1672,
            1949,
            1950,
            1656,
            2027,
            343,
            879,
            881,
            880,
            1359,
            1325,
            1324,
            6033,
            6599,
            6047,
            6049,
            6902,
            6903,
            7631,
            7791,
            7459,
            7334,
            6564,
            5728,
            5727,
            7752,
            5873,
            7639,
            6741,
            6739,
            7089,
            7088,
            6648,
            6647,
            5975,
            7020,
            6641,
            7021,
            5673,
            5650,
            5649,
            7345,
            7342,
            7341,
            9568,
            9570,
            7902,
            7903,
            7926,
            9255,
            8878,
            9254,
            8226,
            8884,
            8885,
            9315,
            9316,
            8974,
            8976,
            9856,
            8126,
            9965,
            7980,
            7981,
            8803,
            9561,
            9684,
            10000,
            9849,
            9139,
            9138,
            8300,
            8298,
            8838,
            8284,
            3515,
            3516,
            3550,
            3083,
            3084,
            3082,
            2562,
            4196,
            3837,
            4121,
            4120,
            3853,
            2324,
            2323,
            2322,
            3844,
            2634,
            3136,
            4068,
            4020,
            4018,
            4306,
            2034,
            2152,
            1841,
            1843,
            1893,
            933,
            418,
            1663,
            102
          ]
        }
      ]
    },
    {
      "spec": {
        "half_width": 0.125,
        "z_min": 0.385,
        "z_max": 0.555,
        "front_y_max": -0.18
      },
      "selected_faces": 464,
      "components": [
        464
      ],
      "primary_faces": 464,
      "boundary_cycles": [
        {
          "vertices": 100,
          "closed": true,
          "degree_all_two": null,
          "x_range": [
            -0.13049134612083435,
            0.13049128651618958
          ],
          "y_range": [
            -0.4249397814273834,
            -0.17834462225437164
          ],
          "z_range": [
            0.3823545277118683,
            0.560001015663147
          ],
          "indices": [
            102,
            103,
            104,
            1672,
            1949,
            1950,
            1656,
            2027,
            343,
            879,
            881,
            880,
            1359,
            1325,
            1324,
            6033,
            6599,
            6047,
            6049,
            6902,
            6903,
            7631,
            7791,
            7459,
            6562,
            7461,
            7031,
            6840,
            5982,
            6607,
            5902,
            5655,
            5656,
            6050,
            6051,
            6641,
            7021,
            5673,
            5650,
            5649,
            7345,
            7342,
            7341,
            9568,
            9570,
            7902,
            7903,
            7926,
            9255,
            8878,
            8302,
            8301,
            7909,
            7908,
            8155,
            8846,
            8233,
            9076,
            9263,
            9686,
            8801,
            9684,
            10000,
            9849,
            9139,
            9138,
            8300,
            8298,
            8838,
            8284,
            3515,
            3516,
            3550,
            3083,
            3084,
            3082,
            2562,
            4196,
            3837,
            4121,
            4120,
            3853,
            2324,
            2323,
            2322,
            3844,
            2634,
            3136,
            4068,
            4020,
            4018,
            4306,
            2034,
            2152,
            1841,
            1843,
            1893,
            933,
            418,
            1663,
            102
          ]
        }
      ]
    },
    {
      "spec": {
        "half_width": 0.125,
        "z_min": 0.395,
        "z_max": 0.565,
        "front_y_max": -0.3
      },
      "selected_faces": 260,
      "components": [
        260
      ],
      "primary_faces": 260,
      "boundary_cycles": [
        {
          "vertices": 78,
          "closed": true,
          "degree_all_two": null,
          "x_range": [
            -0.13049134612083435,
            0.13049128651618958
          ],
          "y_range": [
            -0.4304730296134949,
            -0.2913241684436798
          ],
          "z_range": [
            0.43030840158462524,
            0.5739710330963135
          ],
          "indices": [
            103,
            1664,
            1663,
            1677,
            417,
            416,
            934,
            1842,
            882,
            656,
            2033,
            2867,
            3085,
            4019,
            3137,
            2632,
            2633,
            3858,
            3844,
            3845,
            2323,
            3854,
            3853,
            4042,
            4121,
            4212,
            2586,
            2560,
            4196,
            2562,
            3082,
            3084,
            3083,
            3550,
            3516,
            3515,
            8284,
            8838,
            8138,
            8136,
            8296,
            8289,
            8290,
            9711,
            8791,
            8790,
            9720,
            8173,
            8172,
            7656,
            5919,
            5920,
            7496,
            6551,
            6552,
            7487,
            6039,
            6038,
            6045,
            5883,
            5885,
            6599,
            6033,
            1324,
            1325,
            1359,
            880,
            881,
            879,
            343,
            2027,
            341,
            368,
            2049,
            1950,
            1866,
            1672,
            1673,
            103
          ]
        }
      ]
    },
    {
      "spec": {
        "half_width": 0.125,
        "z_min": 0.395,
        "z_max": 0.565,
        "front_y_max": -0.26
      },
      "selected_faces": 324,
      "components": [
        324
      ],
      "primary_faces": 324,
      "boundary_cycles": [
        {
          "vertices": 88,
          "closed": true,
          "degree_all_two": null,
          "x_range": [
            -0.13182510435581207,
            0.1318250447511673
          ],
          "y_range": [
            -0.4304730296134949,
            -0.2518746256828308
          ],
          "z_range": [
            0.4270686209201813,
            0.5739710330963135
          ],
          "indices": [
            103,
            1664,
            1663,
            1677,
            417,
            416,
            934,
            1842,
            882,
            656,
            2033,
            2867,
            3085,
            4019,
            3137,
            2632,
            2633,
            3858,
            3844,
            3845,
            2323,
            3854,
            3853,
            4042,
            4121,
            4212,
            2586,
            2560,
            2585,
            3679,
            2561,
            2562,
            3082,
            3084,
            3083,
            3550,
            3516,
            3515,
            8284,
            8838,
            8298,
            8300,
            9138,
            9097,
            9137,
            9098,
            9605,
            8264,
            8104,
            8102,
            8765,
            7973,
            9190,
            9310,
            7082,
            7083,
            6954,
            5720,
            6526,
            5849,
            5851,
            6013,
            7380,
            6862,
            6901,
            6861,
            6902,
            6049,
            6047,
            6599,
            6033,
            1324,
            1325,
            1359,
            880,
            881,
            879,
            343,
            342,
            1494,
            367,
            341,
            368,
            2049,
            1950,
            1866,
            1672,
            1673,
            103
          ]
        }
      ]
    },
    {
      "spec": {
        "half_width": 0.125,
        "z_min": 0.395,
        "z_max": 0.565,
        "front_y_max": -0.22
      },
      "selected_faces": 418,
      "components": [
        418
      ],
      "primary_faces": 418,
      "boundary_cycles": [
        {
          "vertices": 116,
          "closed": true,
          "degree_all_two": null,
          "x_range": [
            -0.13182510435581207,
            0.1318250447511673
          ],
          "y_range": [
            -0.4304730296134949,
            -0.2146860510110855
          ],
          "z_range": [
            0.39403989911079407,
            0.5739710330963135
          ],
          "indices": [
            103,
            1664,
            1663,
            1677,
            417,
            416,
            934,
            1842,
            882,
            656,
            2033,
            2867,
            3085,
            4019,
            3137,
            2632,
            2633,
            3858,
            3844,
            3845,
            2323,
            3854,
            3853,
            4042,
            4121,
            4212,
            2586,
            2560,
            2585,
            3679,
            2561,
            2562,
            3082,
            3084,
            3083,
            3550,
            3516,
            3515,
            8284,
            8838,
            8298,
            8300,
            9138,
            9139,
            9849,
            10000,
            9684,
            9561,
            8803,
            7981,
            7980,
            9965,
            8126,
            9856,
            8976,
            8974,
            9316,
            9315,
            8885,
            8884,
            8226,
            9254,
            9253,
            10003,
            9456,
            9457,
            8036,
            8225,
            7730,
            5974,
            5783,
            7230,
            7229,
            7794,
            7019,
            7020,
            5975,
            6647,
            6648,
            7088,
            7089,
            6739,
            6741,
            7639,
            5873,
            7752,
            5727,
            5728,
            6564,
            7334,
            7459,
            7791,
            7631,
            6903,
            6902,
            6049,
            6047,
            6599,
            6033,
            1324,
            1325,
            1359,
            880,
            881,
            879,
            343,
            342,
            1494,
            367,
            341,
            368,
            2049,
            1950,
            1866,
            1672,
            1673,
            103
          ]
        }
      ]
    },
    {
      "spec": {
        "half_width": 0.125,
        "z_min": 0.395,
        "z_max": 0.565,
        "front_y_max": -0.18
      },
      "selected_faces": 472,
      "components": [
        472
      ],
      "primary_faces": 472,
      "boundary_cycles": [
        {
          "vertices": 108,
          "closed": true,
          "degree_all_two": null,
          "x_range": [
            -0.13182510435581207,
            0.1318250447511673
          ],
          "y_range": [
            -0.4304730296134949,
            -0.17834462225437164
          ],
          "z_range": [
            0.39403989911079407,
            0.5739710330963135
          ],
          "indices": [
            103,
            1664,
            1663,
            1677,
            417,
            416,
            934,
            1842,
            882,
            656,
            2033,
            2867,
            3085,
            4019,
            3137,
            2632,
            2633,
            3858,
            3844,
            3845,
            2323,
            3854,
            3853,
            4042,
            4121,
            4212,
            2586,
            2560,
            2585,
            3679,
            2561,
            2562,
            3082,
            3084,
            3083,
            3550,
            3516,
            3515,
            8284,
            8838,
            8298,
            8300,
            9138,
            9139,
            9849,
            10000,
            9684,
            8801,
            9686,
            9263,
            9076,
            8233,
            8846,
            8155,
            7908,
            7910,
            9508,
            9254,
            9253,
            10003,
            9456,
            9457,
            8036,
            8225,
            7730,
            5974,
            5783,
            7230,
            7229,
            7794,
            7019,
            7020,
            7281,
            5657,
            5655,
            5902,
            6607,
            5982,
            6840,
            7031,
            7461,
            6562,
            7459,
            7791,
            7631,
            6903,
            6902,
            6049,
            6047,
            6599,
            6033,
            1324,
            1325,
            1359,
            880,
            881,
            879,
            343,
            342,
            1494,
            367,
            341,
            368,
            2049,
            1950,
            1866,
            1672,
            1673,
            103
          ]
        }
      ]
    },
    {
      "spec": {
        "half_width": 0.135,
        "z_min": 0.375,
        "z_max": 0.555,
        "front_y_max": -0.3
      },
      "selected_faces": 246,
      "components": [
        246
      ],
      "primary_faces": 246,
      "boundary_cycles": [
        {
          "vertices": 72,
          "closed": true,
          "degree_all_two": null,
          "x_range": [
            -0.14244608581066132,
            0.14244602620601654
          ],
          "y_range": [
            -0.4249397814273834,
            -0.2921716272830963
          ],
          "z_range": [
            0.43030840158462524,
            0.560001015663147
          ],
          "indices": [
            102,
            103,
            104,
            1672,
            1949,
            1950,
            1656,
            2027,
            343,
            879,
            940,
            2165,
            1488,
            1807,
            1289,
            6033,
            6599,
            5885,
            5883,
            6045,
            6038,
            6039,
            7487,
            6552,
            6551,
            7496,
            5920,
            5919,
            7656,
            8172,
            8173,
            9720,
            8790,
            8791,
            9711,
            8290,
            8289,
            8296,
            8136,
            8138,
            8838,
            8284,
            3485,
            3986,
            3673,
            4315,
            3143,
            3082,
            2562,
            4196,
            3837,
            4121,
            4120,
            3853,
            2324,
            2323,
            2322,
            3844,
            2634,
            3136,
            4068,
            4020,
            4018,
            4306,
            2034,
            2152,
            1841,
            1843,
            1893,
            933,
            418,
            1663,
            102
          ]
        }
      ]
    },
    {
      "spec": {
        "half_width": 0.135,
        "z_min": 0.375,
        "z_max": 0.555,
        "front_y_max": -0.26
      },
      "selected_faces": 312,
      "components": [
        312
      ],
      "primary_faces": 312,
      "boundary_cycles": [
        {
          "vertices": 86,
          "closed": true,
          "degree_all_two": null,
          "x_range": [
            -0.14244608581066132,
            0.14244602620601654
          ],
          "y_range": [
            -0.4249397814273834,
            -0.2518746256828308
          ],
          "z_range": [
            0.4270686209201813,
            0.560001015663147
          ],
          "indices": [
            102,
            103,
            104,
            1672,
            1949,
            1950,
            1656,
            2027,
            343,
            342,
            941,
            331,
            940,
            2165,
            1488,
            1807,
            1289,
            6033,
            6599,
            6047,
            6049,
            7389,
            7401,
            6902,
            6861,
            6901,
            6862,
            7380,
            6013,
            5851,
            5849,
            6526,
            5720,
            6954,
            7083,
            7082,
            9310,
            9190,
            7973,
            8765,
            8102,
            8104,
            8264,
            9605,
            9098,
            9137,
            9097,
            9138,
            9626,
            9614,
            8300,
            8298,
            8838,
            8284,
            3485,
            3986,
            3673,
            4315,
            3143,
            2550,
            3144,
            2561,
            2562,
            4196,
            3837,
            4121,
            4120,
            3853,
            2324,
            2323,
            2322,
            3844,
            2634,
            3136,
            4068,
            4020,
            4018,
            4306,
            2034,
            2152,
            1841,
            1843,
            1893,
            933,
            418,
            1663,
            102
          ]
        }
      ]
    },
    {
      "spec": {
        "half_width": 0.135,
        "z_min": 0.375,
        "z_max": 0.555,
        "front_y_max": -0.22
      },
      "selected_faces": 440,
      "components": [
        440
      ],
      "primary_faces": 440,
      "boundary_cycles": [
        {
          "vertices": 118,
          "closed": true,
          "degree_all_two": null,
          "x_range": [
            -0.14244608581066132,
            0.14244602620601654
          ],
          "y_range": [
            -0.4249397814273834,
            -0.2146860510110855
          ],
          "z_range": [
            0.3705064654350281,
            0.560001015663147
          ],
          "indices": [
            102,
            103,
            104,
            1672,
            1949,
            1950,
            1656,
            2027,
            343,
            342,
            941,
            331,
            940,
            2165,
            1488,
            1807,
            1289,
            6033,
            6599,
            6047,
            6049,
            7389,
            7401,
            5740,
            7791,
            7459,
            7334,
            6564,
            5728,
            5727,
            7752,
            5873,
            7639,
            6741,
            6739,
            7089,
            7088,
            6648,
            6647,
            5975,
            7020,
            6641,
            6051,
            6642,
            6640,
            7837,
            7758,
            5674,
            5651,
            6680,
            7160,
            7343,
            9387,
            8916,
            7904,
            7927,
            9971,
            10039,
            8877,
            8879,
            8302,
            8878,
            9254,
            8226,
            8884,
            8885,
            9315,
            9316,
            8974,
            8976,
            9856,
            8126,
            9965,
            7980,
            7981,
            8803,
            9561,
            9684,
            10000,
            7993,
            9626,
            9614,
            8300,
            8298,
            8838,
            8284,
            3485,
            3986,
            3673,
            4315,
            3143,
            2550,
            3144,
            2561,
            2562,
            4196,
            3837,
            4121,
            4120,
            3853,
            2324,
            2323,
            2322,
            3844,
            2634,
            3136,
            4068,
            4020,
            4018,
            4306,
            2034,
            2152,
            1841,
            1843,
            1893,
            933,
            418,
            1663,
            102
          ]
        }
      ]
    },
    {
      "spec": {
        "half_width": 0.135,
        "z_min": 0.375,
        "z_max": 0.555,
        "front_y_max": -0.18
      },
      "selected_faces": 518,
      "components": [
        518
      ],
      "primary_faces": 518,
      "boundary_cycles": [
        {
          "vertices": 114,
          "closed": true,
          "degree_all_two": null,
          "x_range": [
            -0.14244608581066132,
            0.14244602620601654
          ],
          "y_range": [
            -0.4249397814273834,
            -0.17450666427612305
          ],
          "z_range": [
            0.3705064654350281,
            0.560001015663147
          ],
          "indices": [
            102,
            103,
            104,
            1672,
            1949,
            1950,
            1656,
            2027,
            343,
            342,
            941,
            331,
            940,
            2165,
            1488,
            1807,
            1289,
            6033,
            6599,
            6047,
            6049,
            7389,
            7401,
            5740,
            7791,
            5739,
            7460,
            7115,
            7208,
            5602,
            7031,
            6840,
            5982,
            6607,
            7525,
            6682,
            5902,
            5903,
            5906,
            5964,
            6619,
            6642,
            6640,
            7837,
            7758,
            5674,
            5651,
            6680,
            7160,
            7343,
            9387,
            8916,
            7904,
            7927,
            9971,
            10039,
            8877,
            8879,
            8858,
            8217,
            8159,
            8156,
            8155,
            8918,
            9748,
            8846,
            8233,
            9076,
            9263,
            7855,
            9435,
            9342,
            9685,
            7992,
            10000,
            7993,
            9626,
            9614,
            8300,
            8298,
            8838,
            8284,
            3485,
            3986,
            3673,
            4315,
            3143,
            2550,
            3144,
            2561,
            2562,
            4196,
            3837,
            4121,
            4120,
            3853,
            2324,
            2323,
            2322,
            3844,
            2634,
            3136,
            4068,
            4020,
            4018,
            4306,
            2034,
            2152,
            1841,
            1843,
            1893,
            933,
            418,
            1663,
            102
          ]
        }
      ]
    },
    {
      "spec": {
        "half_width": 0.135,
        "z_min": 0.385,
        "z_max": 0.555,
        "front_y_max": -0.3
      },
      "selected_faces": 246,
      "components": [
        246
      ],
      "primary_faces": 246,
      "boundary_cycles": [
        {
          "vertices": 72,
          "closed": true,
          "degree_all_two": null,
          "x_range": [
            -0.14244608581066132,
            0.14244602620601654
          ],
          "y_range": [
            -0.4249397814273834,
            -0.2921716272830963
          ],
          "z_range": [
            0.43030840158462524,
            0.560001015663147
          ],
          "indices": [
            102,
            103,
            104,
            1672,
            1949,
            1950,
            1656,
            2027,
            343,
            879,
            940,
            2165,
            1488,
            1807,
            1289,
            6033,
            6599,
            5885,
            5883,
            6045,
            6038,
            6039,
            7487,
            6552,
            6551,
            7496,
            5920,
            5919,
            7656,
            8172,
            8173,
            9720,
            8790,
            8791,
            9711,
            8290,
            8289,
            8296,
            8136,
            8138,
            8838,
            8284,
            3485,
            3986,
            3673,
            4315,
            3143,
            3082,
            2562,
            4196,
            3837,
            4121,
            4120,
            3853,
            2324,
            2323,
            2322,
            3844,
            2634,
            3136,
            4068,
            4020,
            4018,
            4306,
            2034,
            2152,
            1841,
            1843,
            1893,
            933,
            418,
            1663,
            102
          ]
        }
      ]
    },
    {
      "spec": {
        "half_width": 0.135,
        "z_min": 0.385,
        "z_max": 0.555,
        "front_y_max": -0.26
      },
      "selected_faces": 312,
      "components": [
        312
      ],
      "primary_faces": 312,
      "boundary_cycles": [
        {
          "vertices": 86,
          "closed": true,
          "degree_all_two": null,
          "x_range": [
            -0.14244608581066132,
            0.14244602620601654
          ],
          "y_range": [
            -0.4249397814273834,
            -0.2518746256828308
          ],
          "z_range": [
            0.4270686209201813,
            0.560001015663147
          ],
          "indices": [
            102,
            103,
            104,
            1672,
            1949,
            1950,
            1656,
            2027,
            343,
            342,
            941,
            331,
            940,
            2165,
            1488,
            1807,
            1289,
            6033,
            6599,
            6047,
            6049,
            7389,
            7401,
            6902,
            6861,
            6901,
            6862,
            7380,
            6013,
            5851,
            5849,
            6526,
            5720,
            6954,
            7083,
            7082,
            9310,
            9190,
            7973,
            8765,
            8102,
            8104,
            8264,
            9605,
            9098,
            9137,
            9097,
            9138,
            9626,
            9614,
            8300,
            8298,
            8838,
            8284,
            3485,
            3986,
            3673,
            4315,
            3143,
            2550,
            3144,
            2561,
            2562,
            4196,
            3837,
            4121,
            4120,
            3853,
            2324,
            2323,
            2322,
            3844,
            2634,
            3136,
            4068,
            4020,
            4018,
            4306,
            2034,
            2152,
            1841,
            1843,
            1893,
            933,
            418,
            1663,
            102
          ]
        }
      ]
    },
    {
      "spec": {
        "half_width": 0.135,
        "z_min": 0.385,
        "z_max": 0.555,
        "front_y_max": -0.22
      },
      "selected_faces": 424,
      "components": [
        424
      ],
      "primary_faces": 424,
      "boundary_cycles": [
        {
          "vertices": 112,
          "closed": true,
          "degree_all_two": null,
          "x_range": [
            -0.14244608581066132,
            0.14244602620601654
          ],
          "y_range": [
            -0.4249397814273834,
            -0.2146860510110855
          ],
          "z_range": [
            0.3823545277118683,
            0.560001015663147
          ],
          "indices": [
            102,
            103,
            104,
            1672,
            1949,
            1950,
            1656,
            2027,
            343,
            342,
            941,
            331,
            940,
            2165,
            1488,
            1807,
            1289,
            6033,
            6599,
            6047,
            6049,
            7389,
            7401,
            5740,
            7791,
            7459,
            7334,
            6564,
            5728,
            5727,
            7752,
            5873,
            7639,
            6741,
            6739,
            7089,
            7088,
            6648,
            6647,
            5975,
            7020,
            6641,
            7021,
            5673,
            5650,
            5649,
            7345,
            7342,
            7341,
            9568,
            9570,
            7902,
            7903,
            7926,
            9255,
            8878,
            9254,
            8226,
            8884,
            8885,
            9315,
            9316,
            8974,
            8976,
            9856,
            8126,
            9965,
            7980,
            7981,
            8803,
            9561,
            9684,
            10000,
            7993,
            9626,
            9614,
            8300,
            8298,
            8838,
            8284,
            3485,
            3986,
            3673,
            4315,
            3143,
            2550,
            3144,
            2561,
            2562,
            4196,
            3837,
            4121,
            4120,
            3853,
            2324,
            2323,
            2322,
            3844,
            2634,
            3136,
            4068,
            4020,
            4018,
            4306,
            2034,
            2152,
            1841,
            1843,
            1893,
            933,
            418,
            1663,
            102
          ]
        }
      ]
    },
    {
      "spec": {
        "half_width": 0.135,
        "z_min": 0.385,
        "z_max": 0.555,
        "front_y_max": -0.18
      },
      "selected_faces": 496,
      "components": [
        496
      ],
      "primary_faces": 496,
      "boundary_cycles": [
        {
          "vertices": 112,
          "closed": true,
          "degree_all_two": null,
          "x_range": [
            -0.14244608581066132,
            0.14244602620601654
          ],
          "y_range": [
            -0.4249397814273834,
            -0.17450666427612305
          ],
          "z_range": [
            0.3823545277118683,
            0.560001015663147
          ],
          "indices": [
            102,
            103,
            104,
            1672,
            1949,
            1950,
            1656,
            2027,
            343,
            342,
            941,
            331,
            940,
            2165,
            1488,
            1807,
            1289,
            6033,
            6599,
            6047,
            6049,
            7389,
            7401,
            5740,
            7791,
            5739,
            7460,
            7115,
            7208,
            5602,
            7031,
            6840,
            5982,
            6607,
            7525,
            6682,
            5902,
            5903,
            5656,
            6050,
            6051,
            6641,
            7021,
            5673,
            5650,
            5649,
            7345,
            7342,
            7341,
            9568,
            9570,
            7902,
            7903,
            7926,
            9255,
            8878,
            8302,
            8301,
            7909,
            8156,
            8155,
            8918,
            9748,
            8846,
            8233,
            9076,
            9263,
            7855,
            9435,
            9342,
            9685,
            7992,
            10000,
            7993,
            9626,
            9614,
            8300,
            8298,
            8838,
            8284,
            3485,
            3986,
            3673,
            4315,
            3143,
            2550,
            3144,
            2561,
            2562,
            4196,
            3837,
            4121,
            4120,
            3853,
            2324,
            2323,
            2322,
            3844,
            2634,
            3136,
            4068,
            4020,
            4018,
            4306,
            2034,
            2152,
            1841,
            1843,
            1893,
            933,
            418,
            1663,
            102
          ]
        }
      ]
    },
    {
      "spec": {
        "half_width": 0.135,
        "z_min": 0.395,
        "z_max": 0.565,
        "front_y_max": -0.3
      },
      "selected_faces": 270,
      "components": [
        270
      ],
      "primary_faces": 270,
      "boundary_cycles": [
        {
          "vertices": 78,
          "closed": true,
          "degree_all_two": null,
          "x_range": [
            -0.14244608581066132,
            0.14244602620601654
          ],
          "y_range": [
            -0.4304730296134949,
            -0.2913241684436798
          ],
          "z_range": [
            0.43030840158462524,
            0.5739710330963135
          ],
          "indices": [
            103,
            1664,
            1663,
            1677,
            417,
            416,
            934,
            1842,
            882,
            656,
            2033,
            2867,
            3085,
            4019,
            3137,
            2632,
            2633,
            3858,
            3844,
            3845,
            2323,
            3854,
            3853,
            4042,
            4121,
            4212,
            2586,
            2560,
            4196,
            2562,
            3082,
            3143,
            4315,
            3673,
            3986,
            3485,
            8284,
            8838,
            8138,
            8136,
            8296,
            8289,
            8290,
            9711,
            8791,
            8790,
            9720,
            8173,
            8172,
            7656,
            5919,
            5920,
            7496,
            6551,
            6552,
            7487,
            6039,
            6038,
            6045,
            5883,
            5885,
            6599,
            6033,
            1289,
            1807,
            1488,
            2165,
            940,
            879,
            343,
            2027,
            341,
            368,
            2049,
            1950,
            1866,
            1672,
            1673,
            103
          ]
        }
      ]
    },
    {
      "spec": {
        "half_width": 0.135,
        "z_min": 0.395,
        "z_max": 0.565,
        "front_y_max": -0.26
      },
      "selected_faces": 342,
      "components": [
        342
      ],
      "primary_faces": 342,
      "boundary_cycles": [
        {
          "vertices": 92,
          "closed": true,
          "degree_all_two": null,
          "x_range": [
            -0.14244608581066132,
            0.14244602620601654
          ],
          "y_range": [
            -0.4304730296134949,
            -0.2518746256828308
          ],
          "z_range": [
            0.4270686209201813,
            0.5739710330963135
          ],
          "indices": [
            103,
            1664,
            1663,
            1677,
            417,
            416,
            934,
            1842,
            882,
            656,
            2033,
            2867,
            3085,
            4019,
            3137,
            2632,
            2633,
            3858,
            3844,
            3845,
            2323,
            3854,
            3853,
            4042,
            4121,
            4212,
            2586,
            2560,
            2585,
            3679,
            3697,
            3144,
            2550,
            3143,
            4315,
            3673,
            3986,
            3485,
            8284,
            8838,
            8298,
            8300,
            9614,
            9626,
            9138,
            9097,
            9137,
            9098,
            9605,
            8264,
            8104,
            8102,
            8765,
            7973,
            9190,
            9310,
            7082,
            7083,
            6954,
            5720,
            6526,
            5849,
            5851,
            6013,
            7380,
            6862,
            6901,
            6861,
            6902,
            7401,
            7389,
            6049,
            6047,
            6599,
            6033,
            1289,
            1807,
            1488,
            2165,
            940,
            331,
            941,
            1513,
            1494,
            367,
            341,
            368,
            2049,
            1950,
            1866,
            1672,
            1673,
            103
          ]
        }
      ]
    },
    {
      "spec": {
        "half_width": 0.135,
        "z_min": 0.395,
        "z_max": 0.565,
        "front_y_max": -0.22
      },
      "selected_faces": 440,
      "components": [
        440
      ],
      "primary_faces": 440,
      "boundary_cycles": [
        {
          "vertices": 116,
          "closed": true,
          "degree_all_two": null,
          "x_range": [
            -0.14244608581066132,
            0.14244602620601654
          ],
          "y_range": [
            -0.4304730296134949,
            -0.2146860510110855
          ],
          "z_range": [
            0.39403989911079407,
            0.5739710330963135
          ],
          "indices": [
            103,
            1664,
            1663,
            1677,
            417,
            416,
            934,
            1842,
            882,
            656,
            2033,
            2867,
            3085,
            4019,
            3137,
            2632,
            2633,
            3858,
            3844,
            3845,
            2323,
            3854,
            3853,
            4042,
            4121,
            4212,
            2586,
            2560,
            2585,
            3679,
            3697,
            3144,
            2550,
            3143,
            4315,
            3673,
            3986,
            3485,
            8284,
            8838,
            8298,
            8300,
            9614,
            9626,
            7993,
            10000,
            9684,
            9561,
            8803,
            7981,
            7980,
            9965,
            8126,
            9856,
            8976,
            8974,
            9316,
            9315,
            8885,
            8884,
            8226,
            9254,
            9253,
            10003,
            9456,
            9457,
            8036,
            8225,
            7730,
            5974,
            5783,
            7230,
            7229,
            7794,
            7019,
            7020,
            5975,
            6647,
            6648,
            7088,
            7089,
            6739,
            6741,
            7639,
            5873,
            7752,
            5727,
            5728,
            6564,
            7334,
            7459,
            7791,
            5740,
            7401,
            7389,
            6049,
            6047,
            6599,
            6033,
            1289,
            1807,
            1488,
            2165,
            940,
            331,
            941,
            1513,
            1494,
            367,
            341,
            368,
            2049,
            1950,
            1866,
            1672,
            1673,
            103
          ]
        }
      ]
    },
    {
      "spec": {
        "half_width": 0.135,
        "z_min": 0.395,
        "z_max": 0.565,
        "front_y_max": -0.18
      },
      "selected_faces": 504,
      "components": [
        504
      ],
      "primary_faces": 504,
      "boundary_cycles": [
        {
          "vertices": 116,
          "closed": true,
          "degree_all_two": null,
          "x_range": [
            -0.14244608581066132,
            0.14244602620601654
          ],
          "y_range": [
            -0.4304730296134949,
            -0.17450666427612305
          ],
          "z_range": [
            0.39403989911079407,
            0.5739710330963135
          ],
          "indices": [
            103,
            1664,
            1663,
            1677,
            417,
            416,
            934,
            1842,
            882,
            656,
            2033,
            2867,
            3085,
            4019,
            3137,
            2632,
            2633,
            3858,
            3844,
            3845,
            2323,
            3854,
            3853,
            4042,
            4121,
            4212,
            2586,
            2560,
            2585,
            3679,
            3697,
            3144,
            2550,
            3143,
            4315,
            3673,
            3986,
            3485,
            8284,
            8838,
            8298,
            8300,
            9614,
            9626,
            7993,
            10000,
            7992,
            9685,
            9342,
            9435,
            7855,
            9263,
            9076,
            8233,
            8846,
            9748,
            8918,
            8155,
            7908,
            7910,
            9508,
            9254,
            9253,
            10003,
            9456,
            9457,
            8036,
            8225,
            7730,
            5974,
            5783,
            7230,
            7229,
            7794,
            7019,
            7020,
            7281,
            5657,
            5655,
            5902,
            6682,
            7525,
            6607,
            5982,
            6840,
            7031,
            5602,
            7208,
            7115,
            7460,
            5739,
            7791,
            5740,
            7401,
            7389,
            6049,
            6047,
            6599,
            6033,
            1289,
            1807,
            1488,
            2165,
            940,
            331,
            941,
            1513,
            1494,
            367,
            341,
            368,
            2049,
            1950,
            1866,
            1672,
            1673,
            103
          ]
        }
      ]
    }
  ]
}
01:06:06 - tripo_addon - [task.py:27] - INFO - WebSocket server stop requested
Blender 5.1.2 (hash ec6e62d40fa9 built 2026-05-19 01:30:33)

Blender quit
